[2026-06-10 14:06:57] DEBUG - Starting new HTTP connection (1): localhost:11434
[2026-06-10 14:07:03] DEBUG - http://localhost:11434 "POST /api/generate HTTP/1.1" 200 None
[2026-06-10 14:08:01] DEBUG - Starting new HTTP connection (1): localhost:11434
[2026-06-10 14:08:04] DEBUG - http://localhost:11434 "POST /api/generate HTTP/1.1" 200 None
[2026-06-10 14:13:48] DEBUG - Starting new HTTP connection (1): localhost:11434
[2026-06-10 14:13:53] DEBUG - http://localhost:11434 "POST /api/generate HTTP/1.1" 200 None
[2026-06-10 14:14:09] DEBUG - Starting new HTTP connection (1): localhost:11434
[2026-06-10 14:14:12] DEBUG - http://localhost:11434 "POST /api/generate HTTP/1.1" 200 1997
[2026-06-10 14:14:34] DEBUG - Starting new HTTP connection (1): localhost:11434
[2026-06-10 14:14:37] DEBUG - http://localhost:11434 "POST /api/generate HTTP/1.1" 200 None
[2026-06-10 14:14:54] DEBUG - Starting new HTTP connection (1): localhost:11434
[2026-06-10 14:14:57] DEBUG - http://localhost:11434 "POST /api/generate HTTP/1.1" 200 2039
[2026-06-10 14:20:32] INFO - ========== SERVER KHỞI ĐỘNG ==========
[2026-06-10 14:20:32] INFO - Dang nap mo hinh Whisper vao RAM...
[2026-06-10 14:20:34] INFO - Tải xong! Server đã sẵn sàng nhận lệnh.
[2026-06-10 14:20:34] INFO - Server đang chạy tại: http://100.93.8.106:8000/api/voice
[2026-06-10 14:21:04] INFO - Loading Whisper model...
[2026-06-10 14:21:06] INFO - Using CPU
[2026-06-10 14:21:06] INFO - Server ready!
[2026-06-10 14:21:55] INFO - Loading Whisper model...
[2026-06-10 14:21:57] INFO - Using CPU
[2026-06-10 14:21:57] INFO - Server ready!
[2026-06-10 14:22:25] INFO - Received: recording_20260610_142220.wav
[2026-06-10 14:22:25] INFO - Transcribing...
[2026-06-10 14:22:27] INFO - Text: Mặc nền biên cho tôi
[2026-06-10 14:22:31] INFO - AI: non-op function
[2026-06-10 14:22:31] INFO - Action: non-op function
[2026-06-10 14:22:42] INFO - Received: recording_20260610_142238.wav
[2026-06-10 14:22:42] INFO - Transcribing...
[2026-06-10 14:22:50] INFO - Text: t Oprah T appears
[2026-06-10 14:22:53] INFO - AI: timer
[2026-06-10 14:22:53] INFO - Action: timer
[2026-06-10 14:24:08] INFO - Received: recording_20260610_142404.wav
[2026-06-10 14:24:08] INFO - Transcribing...
[2026-06-10 14:24:11] INFO - Text: Hãy bật đoàn biên cho tôi.
[2026-06-10 14:24:13] INFO - AI: flash
[2026-06-10 14:24:13] INFO - Action: flash
[2026-06-10 14:24:16] INFO - Loading Whisper model...
[2026-06-10 14:24:17] INFO - Using CPU
[2026-06-10 14:24:17] INFO - Server ready!
[2026-06-10 14:24:33] INFO - Received: recording_20260610_142430.wav
[2026-06-10 14:24:33] INFO - Transcribing...
[2026-06-10 14:24:38] INFO - Text: Hãy bắt đầu em đi
[2026-06-10 14:24:38] INFO - Saved: saved_recordings\recording_20260610_142438_recording_20260610_142430.wav
[2026-06-10 14:24:41] INFO - AI: cam
[2026-06-10 14:24:41] INFO - Action: cam
[2026-06-10 14:30:22] INFO - Received: recording_20260610_143018.wav
[2026-06-10 14:30:22] INFO - Transcribing...
[2026-06-10 14:30:25] INFO - Text: Mặc đánh biên.
[2026-06-10 14:30:25] INFO - Saved: saved_recordings\recording_20260610_143025_recording_20260610_143018.wav
[2026-06-10 14:30:30] INFO - AI: non-op function
[2026-06-10 14:30:30] INFO - Action: non-op function
[2026-06-10 14:30:32] INFO - Loading Whisper model...
[2026-06-10 14:30:35] INFO - Using CPU
[2026-06-10 14:30:35] INFO - Server ready!
[2026-06-10 14:30:36] INFO - Received: recording_20260610_143032.wav
[2026-06-10 14:30:36] INFO - Transcribing...
[2026-06-10 14:30:39] INFO - Text: bật đèn pin cho tôi.
[2026-06-10 14:30:39] INFO - Saved: saved_recordings\recording_20260610_143039_recording_20260610_143032.wav
[2026-06-10 14:30:41] INFO - AI: flash
[2026-06-10 14:30:41] INFO - Action: flash
[2026-06-10 14:30:48] INFO - Received: recording_20260610_143044.wav
[2026-06-10 14:30:48] INFO - Transcribing...
[2026-06-10 14:30:50] INFO - Text: Túng bật camera.
[2026-06-10 14:30:50] INFO - Saved: saved_recordings\recording_20260610_143050_recording_20260610_143044.wav
[2026-06-10 14:30:53] INFO - AI: cam
[2026-06-10 14:30:53] INFO - Action: cam
[2026-06-10 14:32:36] INFO - Received: recording_20260610_143231.wav
[2026-06-10 14:32:36] INFO - Transcribing...
[2026-06-10 14:32:37] INFO - Text: Turn on the flashlights.
[2026-06-10 14:32:37] INFO - Saved: saved_recordings\recording_20260610_143237_recording_20260610_143231.wav
[2026-06-10 14:32:39] INFO - AI: flash
[2026-06-10 14:32:39] INFO - Action: flash
[2026-06-10 14:32:42] INFO - Loading Whisper model...
[2026-06-10 14:32:42] INFO - Using CPU
[2026-06-10 14:32:42] INFO - Server ready!
[2026-06-10 14:33:03] INFO - Received: recording_20260610_143259.wav
[2026-06-10 14:33:03] INFO - Transcribing...
[2026-06-10 14:33:04] INFO - Text: Turn on the camera.
[2026-06-10 14:33:06] INFO - AI: cam
[2026-06-10 14:33:06] INFO - Action: cam
[2026-06-10 14:37:42] INFO - Loading Whisper model...
[2026-06-10 14:37:43] INFO - Using CPU
[2026-06-10 14:37:43] INFO - Server ready!
[2026-06-10 14:39:05] INFO - Received: recording_20260610_143900.wav
[2026-06-10 14:39:05] INFO - Transcribing...
[2026-06-10 14:39:06] INFO - Text: Please turn on the flashlight.
[2026-06-10 14:39:10] INFO - AI: flash
[2026-06-10 14:39:10] INFO - Action: flash
[2026-06-10 14:39:12] INFO - Loading Whisper model...
[2026-06-10 14:39:13] INFO - Using CPU
[2026-06-10 14:39:13] INFO - Server ready!
[2026-06-10 14:40:36] INFO - Received: recording_20260610_144031.wav
[2026-06-10 14:40:36] INFO - Transcribing...
[2026-06-10 14:40:37] INFO - Text: Please turn on the flashlight.
[2026-06-10 14:40:39] INFO - AI: flash
[2026-06-10 14:40:39] INFO - Action: flash
[2026-06-10 14:40:42] INFO - Loading Whisper model...
[2026-06-10 14:40:42] INFO - Using CPU
[2026-06-10 14:40:42] INFO - Server ready!
[2026-06-10 14:41:13] INFO - Loading Whisper model...
[2026-06-10 14:41:14] INFO - Using CPU
[2026-06-10 14:41:14] INFO - Server ready!
[2026-06-10 14:41:15] INFO - Received: recording_20260610_144111.wav
[2026-06-10 14:41:15] INFO - Transcribing...
[2026-06-10 14:41:16] INFO - Text: Please turn on the flash line.
[2026-06-10 14:41:19] INFO - AI: flash
[2026-06-10 14:41:19] INFO - Action: flash
[2026-06-10 14:42:21] INFO - Received: recording_20260610_144216.wav
[2026-06-10 14:42:21] INFO - Transcribing...
[2026-06-10 14:42:22] INFO - Text: Bật camera cho tôi.
[2026-06-10 14:42:25] INFO - AI: cam
[2026-06-10 14:42:25] INFO - Action: cam
[2026-06-10 14:42:27] INFO - Loading Whisper model...
[2026-06-10 14:42:27] INFO - Using CPU
[2026-06-10 14:42:27] INFO - Server ready!
[2026-06-10 14:46:55] INFO - Loading Whisper model...
[2026-06-10 14:46:56] INFO - Using CPU
[2026-06-10 14:46:56] INFO - Server ready!
[2026-06-10 15:06:40] INFO - Loading Whisper model...
[2026-06-10 15:06:41] INFO - Using CPU
[2026-06-10 15:06:41] INFO - Server ready!
[2026-06-10 15:06:42] INFO - Loading Whisper model...
[2026-06-10 15:06:43] INFO - Using CPU
[2026-06-10 15:06:43] INFO - Server ready!
[2026-06-10 15:07:39] INFO - Received: output.wav
[2026-06-10 15:07:39] INFO - Transcribing...
[2026-06-10 15:07:42] INFO - Text: Dao.
[2026-06-10 15:07:46] INFO - AI: cam
[2026-06-10 15:08:01] INFO - MQTT Published: {"action": "cam", "reply": "Action completed.", "duration": null}
[2026-06-10 15:08:01] INFO - Action: cam
[2026-06-10 15:10:48] INFO - Received: output.wav
[2026-06-10 15:10:48] INFO - Transcribing...
[2026-06-10 15:10:49] INFO - Text: Mở cam cho tôi bật.
[2026-06-10 15:10:52] INFO - AI: cam
[2026-06-10 15:11:07] INFO - MQTT Published: {"action": "cam", "reply": "Tôi đã mở camera và đang chuẩn bị để bạn có thể bắt được các khoảnh khắc. Hãy chụp nếu bạn muốn!", "duration": null}
[2026-06-10 15:11:07] INFO - Action: cam
[2026-06-10 15:12:13] INFO - Received: output.wav
[2026-06-10 15:12:13] INFO - Transcribing...
[2026-06-10 15:12:13] INFO - Text: Please turn on flash light.
[2026-06-10 15:12:16] INFO - AI: flash
[2026-06-10 15:12:31] INFO - MQTT Published: {"action": "flash", "reply": "Turned on flashlight.", "duration": null}
[2026-06-10 15:12:31] INFO - Action: flash
[2026-06-10 16:25:47] INFO - Loading Whisper model...
[2026-06-10 16:25:47] INFO - Using CPU
[2026-06-10 16:25:47] INFO - Server ready!
[2026-06-10 16:25:49] INFO - Loading Whisper model...
[2026-06-10 16:25:50] INFO - Using CPU
[2026-06-10 16:25:50] INFO - Server ready!
[2026-06-10 19:56:05] INFO - Loading Whisper model...
[2026-06-10 19:56:05] INFO - Using CPU
[2026-06-10 19:56:05] INFO - Server ready!
[2026-06-10 19:56:07] INFO - Loading Whisper model...
[2026-06-10 19:56:07] INFO - Using CPU
[2026-06-10 19:56:07] INFO - Server ready!
[2026-06-10 19:56:17] INFO - Received: recording_20260610_195612.wav
[2026-06-10 19:56:17] INFO - Transcribing...
[2026-06-10 19:56:19] INFO - Text: We just turn on the flashlight.
[2026-06-10 19:56:24] INFO - AI: flash
[2026-06-10 19:56:41] INFO - MQTT Published: {"action": "flash", "reply": "Flashlight turned on.", "duration": null}
[2026-06-10 19:56:41] INFO - Action: flash
[2026-06-10 19:56:41] INFO - Received: recording_20260610_195631.wav
[2026-06-10 19:56:41] INFO - Transcribing...
[2026-06-10 19:56:42] INFO - Text: Please turn on the flash night.
[2026-06-10 19:56:44] INFO - AI: flash
[2026-06-10 19:57:02] INFO - MQTT Published: {"action": "flash", "reply": "Flash turned on.", "duration": null}
[2026-06-10 19:57:02] INFO - Action: flash
[2026-06-10 20:02:40] INFO - Loading Whisper model...
[2026-06-10 20:02:40] INFO - Using CPU
[2026-06-10 20:02:40] INFO - Server ready!
[2026-06-10 20:03:00] INFO - Received: recording_20260610_200255.wav
[2026-06-10 20:03:00] INFO - Transcribing...
[2026-06-10 20:03:01] INFO - Text: Please turn on the flashlights.
[2026-06-10 20:03:25] INFO - MQTT Published: {"action": "flash", "reply": "Sure! Flashlight turned on.", "duration": null}
[2026-06-10 20:03:25] INFO - Action: flash
[2026-06-10 20:05:45] INFO - Received: recording_20260610_200541.wav
[2026-06-10 20:05:45] INFO - Transcribing...
[2026-06-10 20:05:46] INFO - Text: Let's turn on the flashlight.
[2026-06-10 20:06:06] INFO - MQTT Published: {"action": "flash", "reply": "Flashlight turned on.", "duration": null}
[2026-06-10 20:06:06] INFO - Action: flash
[2026-06-10 20:20:43] INFO - Received: recording_20260610_202038.wav
[2026-06-10 20:20:43] INFO - Transcribing...
[2026-06-10 20:20:44] INFO - Text: Please turn on the flashlight.
[2026-06-10 20:21:03] INFO - MQTT Published: {"action": "flash", "reply": "Flashlight turned on.", "duration": null}
[2026-06-10 20:21:03] INFO - Action: flash
[2026-06-10 20:22:15] ERROR - Failed to connect MQTT: [WinError 10061] No connection could be made because the target machine actively refused it
[2026-06-10 20:22:15] INFO - Loading Whisper model...
[2026-06-10 20:22:16] INFO - Using CPU
[2026-06-10 20:22:16] INFO - Server ready!
[2026-06-10 20:22:20] ERROR - Failed to connect MQTT: [WinError 10061] No connection could be made because the target machine actively refused it
[2026-06-10 20:22:20] INFO - Loading Whisper model...
[2026-06-10 20:22:21] INFO - Using CPU
[2026-06-10 20:22:21] INFO - Server ready!
[2026-06-10 20:22:33] ERROR - Failed to connect MQTT: [WinError 10061] No connection could be made because the target machine actively refused it
[2026-06-10 20:22:33] INFO - Loading Whisper model...
[2026-06-10 20:22:34] INFO - Using CPU
[2026-06-10 20:22:34] INFO - Server ready!
[2026-06-10 20:23:11] INFO - MQTT disconnected
[2026-06-10 20:23:15] ERROR - Failed to connect MQTT: [WinError 10061] No connection could be made because the target machine actively refused it
[2026-06-10 20:23:15] INFO - Loading Whisper model...
[2026-06-10 20:23:15] INFO - Using CPU
[2026-06-10 20:23:15] INFO - Server ready!
[2026-06-10 20:23:25] INFO - Received: recording_20260610_202320.wav
[2026-06-10 20:23:25] INFO - Transcribing...
[2026-06-10 20:23:26] INFO - Text: Leskan on the flashlight.
[2026-06-10 20:23:29] INFO - MQTT Published: {"action": "flash", "reply": "Flashlight turned on.", "duration": null}
[2026-06-10 20:23:29] INFO - Action: flash
[2026-06-10 20:26:00] INFO - Received: recording_20260610_202556.wav
[2026-06-10 20:26:00] INFO - Transcribing...
[2026-06-10 20:26:01] INFO - Text: Please turn on the flashlight.
[2026-06-10 20:26:04] INFO - MQTT Published: {"action": "flash", "reply": "Turning on the flashlight.", "duration": null}
[2026-06-10 20:26:04] INFO - Action: flash
[2026-06-10 20:26:57] INFO - Received: recording_20260610_202652.wav
[2026-06-10 20:26:57] INFO - Transcribing...
[2026-06-10 20:26:58] INFO - Text: Listern on the flashlight.
[2026-06-10 20:27:01] INFO - MQTT Published: {"action": "flash", "reply": "Flashlight listerned.", "duration": null}
[2026-06-10 20:27:01] INFO - Action: flash
[2026-06-10 20:33:52] INFO - Received: recording_20260610_203348.wav
[2026-06-10 20:33:52] INFO - Transcribing...
[2026-06-10 20:33:53] INFO - Text: Please turn on the flashlight.
[2026-06-10 20:33:57] INFO - MQTT Published: {"action": "flash", "reply": "Light turned on.", "duration": null}
[2026-06-10 20:33:57] INFO - Action: flash
[2026-06-10 20:35:05] INFO - Received: recording_20260610_203500.wav
[2026-06-10 20:35:05] INFO - Transcribing...
[2026-06-10 20:35:06] INFO - Text: Please turn on the flashlight.
[2026-06-10 20:35:08] INFO - MQTT Published: {"action": "flash", "reply": "Flashlight turned on.", "duration": null}
[2026-06-10 20:35:08] INFO - Action: flash
[2026-06-10 20:38:32] INFO - Received: recording_20260610_203827.wav
[2026-06-10 20:38:32] INFO - Transcribing...
[2026-06-10 20:38:33] INFO - Text: Play turn on the flashlight.
[2026-06-10 20:38:36] INFO - MQTT Published: {"action": "flash", "reply": "Flashlight turned on.", "duration": null}
[2026-06-10 20:38:36] INFO - Action: flash
[2026-06-10 20:39:11] INFO - Received: recording_20260610_203906.wav
[2026-06-10 20:39:11] INFO - Transcribing...
[2026-06-10 20:39:12] INFO - Text: Blast on the flashlight.
[2026-06-10 20:39:14] INFO - MQTT Published: {"action": "flash", "reply": "Flash on!", "duration": null}
[2026-06-10 20:39:14] INFO - Action: flash
[2026-06-10 20:39:39] INFO - Received: recording_20260610_203935.wav
[2026-06-10 20:39:39] INFO - Transcribing...
[2026-06-10 20:39:40] INFO - Text: Please turn on the flashlight.
[2026-06-10 20:39:42] INFO - MQTT Published: {"action": "flash", "reply": "Got it!", "duration": null}
[2026-06-10 20:39:42] INFO - Action: flash
[2026-06-10 20:40:09] INFO - Received: recording_20260610_204005.wav
[2026-06-10 20:40:09] INFO - Transcribing...
[2026-06-10 20:40:11] INFO - Text: Liste item?
[2026-06-10 20:40:14] INFO - MQTT Published: {"action": "non-op function", "reply": "Please specify what you would like to list.", "duration": null}
[2026-06-10 20:40:14] INFO - Action: non-op function
[2026-06-10 20:49:43] INFO - MQTT disconnected
[2026-06-10 20:49:45] INFO - Loading Whisper model...
[2026-06-10 20:49:45] INFO - Using CPU
[2026-06-10 20:49:45] INFO - Server ready!
[2026-06-10 20:49:48] ERROR - Failed to connect MQTT: [WinError 10061] No connection could be made because the target machine actively refused it
[2026-06-10 20:54:00] INFO - MQTT disconnected
[2026-06-10 20:54:02] INFO - Loading Whisper model...
[2026-06-10 20:54:03] INFO - Using CPU
[2026-06-10 20:54:03] INFO - Server ready!
[2026-06-10 20:54:03] INFO - MQTT client persistent loop started.
[2026-06-10 20:54:03] INFO - ✅ MQTT connected to private broker successfully
[2026-06-10 20:54:26] INFO - MQTT connection gracefully closed.
[2026-06-10 20:54:28] INFO - Loading Whisper model...
[2026-06-10 20:54:29] INFO - Using CPU
[2026-06-10 20:54:29] INFO - Server ready!
[2026-06-10 20:54:29] INFO - MQTT client persistent loop started.
[2026-06-10 20:54:29] INFO - ✅ MQTT connected to private broker successfully
[2026-06-10 20:54:43] INFO - MQTT connection gracefully closed.
[2026-06-10 20:54:45] INFO - Loading Whisper model...
[2026-06-10 20:54:45] INFO - Using CPU
[2026-06-10 20:54:45] INFO - Server ready!
[2026-06-10 20:54:45] INFO - MQTT client persistent loop started.
[2026-06-10 20:54:45] INFO - ✅ MQTT connected to private broker successfully
[2026-06-10 20:55:18] INFO - Received: recording_20260610_205514.wav
[2026-06-10 20:55:18] INFO - Transcribing...
[2026-06-10 20:55:20] INFO - Text: Release camera on a satellite.
[2026-06-10 20:55:24] INFO - MQTT Published: {"action": "cam", "reply": "Camera release confirmed.", "duration": null}
[2026-06-10 20:55:24] INFO - Action: cam
[2026-06-10 20:57:44] INFO - MQTT connection gracefully closed.
[2026-06-10 20:57:45] INFO - Loading Whisper model...
[2026-06-10 20:57:46] INFO - Using CPU
[2026-06-10 20:57:46] INFO - Server ready!
[2026-06-10 20:58:01] INFO - MQTT client persistent loop started.
[2026-06-10 20:58:02] INFO - ✅ MQTT connected to private broker successfully
[2026-06-10 20:59:14] INFO - Received: recording_20260610_205908.wav
[2026-06-10 20:59:14] INFO - Transcribing...
[2026-06-10 20:59:15] INFO - Text: Please turn on the flashlight.
[2026-06-10 20:59:17] INFO - MQTT Published: {"action": "flash", "reply": "Turning on the flashlight.", "duration": null}
[2026-06-10 20:59:17] INFO - Action: flash
[2026-06-10 21:07:52] INFO - Received: recording_20260610_210749.wav
[2026-06-10 21:07:52] INFO - Transcribing...
[2026-06-10 21:07:53] INFO - Text: Turn on flash light.
[2026-06-10 21:07:57] INFO - MQTT Published: {"action": "flash", "reply": "Flashlight turned on.", "duration": null}
[2026-06-10 21:07:57] INFO - Action: flash
[2026-06-10 21:17:02] INFO - Received: recording_20260610_211657.wav
[2026-06-10 21:17:02] INFO - Transcribing...
[2026-06-10 21:17:03] INFO - Text: Please turn on the camera.
[2026-06-10 21:17:07] INFO - MQTT Published: {"action": "cam", "reply": "Camera turned on.", "duration": null}
[2026-06-10 21:17:07] INFO - Action: cam
[2026-06-10 21:32:25] INFO - Received: recording_20260610_213216.wav
[2026-06-10 21:32:25] INFO - Transcribing...
[2026-06-10 21:32:27] INFO - Text: Please turn on the flashlight.
[2026-06-10 21:32:31] INFO - MQTT Published: {"action": "flash", "reply": "Turned on the flashlight.", "duration": null}
[2026-06-10 21:32:31] INFO - Action: flash
[2026-06-10 23:02:20] INFO - Received: recording_20260610_230216.m4a
[2026-06-10 23:02:20] INFO - Transcribing...
[2026-06-10 23:02:21] INFO - Text: Please turn on the camera.
[2026-06-10 23:02:26] INFO - MQTT Published: {"action": "cam", "reply": "Camera turned on.", "duration": null}
[2026-06-10 23:02:26] INFO - Action: cam
[2026-06-10 23:06:37] INFO - Received: recording_20260610_230635.m4a
[2026-06-10 23:06:37] INFO - Transcribing...
[2026-06-10 23:06:38] INFO - Text: Please turn on the flashlight.
[2026-06-10 23:06:40] INFO - MQTT Published: {"action": "flash", "reply": "Okay! The flashlight is turned on.", "duration": null}
[2026-06-10 23:06:40] INFO - Action: flash
[2026-06-10 23:06:49] INFO - Received: recording_20260610_230647.m4a
[2026-06-10 23:06:49] INFO - Transcribing...
[2026-06-10 23:06:50] INFO - Text: Please turn on the camera.
[2026-06-10 23:06:52] INFO - MQTT Published: {"action": "cam", "reply": "Camera turned on.", "duration": null}
[2026-06-10 23:06:52] INFO - Action: cam
[2026-06-10 23:13:22] INFO - MQTT connection gracefully closed.
[2026-06-10 23:13:25] INFO - Loading Whisper model...
[2026-06-10 23:13:25] INFO - Using CPU
[2026-06-10 23:13:25] INFO - Server ready!
[2026-06-10 23:13:41] INFO - MQTT client persistent loop started.
[2026-06-10 23:13:41] INFO - ✅ MQTT connected to private broker successfully
[2026-06-10 23:14:13] INFO - MQTT connection gracefully closed.
[2026-06-10 23:14:15] INFO - Loading Whisper model...
[2026-06-10 23:14:16] INFO - Using CPU
[2026-06-10 23:14:16] INFO - Server ready!
[2026-06-10 23:14:31] INFO - MQTT client persistent loop started.
[2026-06-10 23:14:31] INFO - ✅ MQTT connected to private broker successfully
[2026-06-10 23:16:17] INFO - Received: recording_20260610_231615.m4a
[2026-06-10 23:16:17] INFO - Transcribing...
[2026-06-10 23:16:18] INFO - Text: Please turn on the flashlight.
[2026-06-10 23:16:22] INFO - MQTT Published: {"action": "flash_on", "reply": "The flashlight has been turned on.", "duration": null}
[2026-06-10 23:16:22] INFO - Action: flash_on
[2026-06-10 23:16:30] INFO - Received: recording_20260610_231628.m4a
[2026-06-10 23:16:30] INFO - Transcribing...
[2026-06-10 23:16:31] INFO - Text: Please turn off the flashlight.
[2026-06-10 23:16:34] INFO - MQTT Published: {"action": "flash_off", "reply": "Flashlight turned off.", "duration": null}
[2026-06-10 23:16:34] INFO - Action: flash_off
[2026-06-10 23:18:06] INFO - Received: recording_20260610_231804.m4a
[2026-06-10 23:18:06] INFO - Transcribing...
[2026-06-10 23:18:06] INFO - Text: Please turn on the flashlight.
[2026-06-10 23:18:09] INFO - MQTT Published: {"action": "flash_on", "reply": "The flashlight is ON.", "duration": null}
[2026-06-10 23:18:09] INFO - Action: flash_on
[2026-06-10 23:18:14] INFO - Received: recording_20260610_231813.m4a
[2026-06-10 23:18:14] INFO - Transcribing...
[2026-06-10 23:18:15] INFO - Text: Please turn out the flash light.
[2026-06-10 23:18:18] INFO - MQTT Published: {"action": "flash_off", "reply": "Flashlight is off.", "duration": null}
[2026-06-10 23:18:18] INFO - Action: flash_off
[2026-06-10 23:18:23] INFO - Received: recording_20260610_231822.m4a
[2026-06-10 23:18:23] INFO - Transcribing...
[2026-06-10 23:18:24] INFO - Text: Please open the camera.
[2026-06-10 23:18:27] INFO - MQTT Published: {"action": "cam", "reply": "Camera opened.", "duration": null}
[2026-06-10 23:18:27] INFO - Action: cam
